[cartzilla-html.createx.studio/index.html]
[backblue.gif]
[fade.gif]
[index.html]
[cartzilla-html.createx.studio/manifest.json]
[cartzilla-html.createx.studio/assets/app-icons/icon-32x32.png]
[cartzilla-html.createx.studio/assets/app-icons/icon-180x180.png]
[cartzilla-html.createx.studio/assets/js/theme-switcher.js]
[cartzilla-html.createx.studio/assets/fonts/inter-variable-latin.woff2]
[cartzilla-html.createx.studio/assets/icons/cartzilla-icons.woff2]
[cartzilla-html.createx.studio/assets/icons/cartzilla-icons.min.css]
[cartzilla-html.createx.studio/assets/css/theme.min.css]
[cartzilla-html.createx.studio/assets/css/theme.rtl.min.css]
[cartzilla-html.createx.studio/assets/js/customizer.min.js]
[cartzilla-html.createx.studio/.c.delayed]
[cartzilla-html.createx.studio/home-electronics.html]
[cartzilla-html.createx.studio/assets/img/mega-menu/demo-preview/electronics-light.jpg]
[cartzilla-html.createx.studio/assets/img/mega-menu/demo-preview/electronics-dark.jpg]
[cartzilla-html.createx.studio/home-fashion-v1.html]
[cartzilla-html.createx.studio/assets/img/mega-menu/demo-preview/fashion-1-light.jpg]
[cartzilla-html.createx.studio/assets/img/mega-menu/demo-preview/fashion-1-dark.jpg]
[cartzilla-html.createx.studio/home-fashion-v2.html]
[cartzilla-html.createx.studio/assets/img/mega-menu/demo-preview/fashion-2-light.jpg]
[cartzilla-html.createx.studio/assets/img/mega-menu/demo-preview/fashion-2-dark.jpg]
[cartzilla-html.createx.studio/home-furniture.html]
[cartzilla-html.createx.studio/assets/img/mega-menu/demo-preview/furniture-light.jpg]
[cartzilla-html.createx.studio/assets/img/mega-menu/demo-preview/furniture-dark.jpg]
[cartzilla-html.createx.studio/home-grocery.html]
[cartzilla-html.createx.studio/assets/img/mega-menu/demo-preview/grocery-light.jpg]
[cartzilla-html.createx.studio/assets/img/mega-menu/demo-preview/grocery-dark.jpg]
[cartzilla-html.createx.studio/shop-categories-electronics.html]
[cartzilla-html.createx.studio/shop-catalog-electronics.html]
[cartzilla-html.createx.studio/shop-product-general-electronics.html]
[cartzilla-html.createx.studio/shop-product-details-electronics.html]
[cartzilla-html.createx.studio/shop-product-reviews-electronics.html]
[cartzilla-html.createx.studio/shop-catalog-fashion.html]
[cartzilla-html.createx.studio/shop-product-fashion.html]
[cartzilla-html.createx.studio/shop-catalog-furniture.html]
[cartzilla-html.createx.studio/shop-product-furniture.html]
[cartzilla-html.createx.studio/shop-catalog-grocery.html]
[cartzilla-html.createx.studio/shop-product-grocery.html]
[cartzilla-html.createx.studio/checkout-v1-cart.html]
[cartzilla-html.createx.studio/checkout-v1-delivery-1.html]
[cartzilla-html.createx.studio/checkout-v1-delivery-2.html]
[cartzilla-html.createx.studio/checkout-v1-shipping.html]
[cartzilla-html.createx.studio/checkout-v1-payment.html]
[cartzilla-html.createx.studio/checkout-v1-thankyou.html]
[cartzilla-html.createx.studio/checkout-v2-cart.html]
[cartzilla-html.createx.studio/checkout-v2-delivery.html]
[cartzilla-html.createx.studio/checkout-v2-pickup.html]
[cartzilla-html.createx.studio/checkout-v2-thankyou.html]
[cartzilla-html.createx.studio/account-signin.html]
[cartzilla-html.createx.studio/account-signup.html]
[cartzilla-html.createx.studio/account-password-recovery.html]
[cartzilla-html.createx.studio/account-orders.html]
[cartzilla-html.createx.studio/account-wishlist.html]
[cartzilla-html.createx.studio/account-payment.html]
[cartzilla-html.createx.studio/account-reviews.html]
[cartzilla-html.createx.studio/account-info.html]
[cartzilla-html.createx.studio/account-addresses.html]
[cartzilla-html.createx.studio/account-notifications.html]
[cartzilla-html.createx.studio/about-v1.html]
[cartzilla-html.createx.studio/about-v2.html]
[cartzilla-html.createx.studio/blog-grid-v1.html]
[cartzilla-html.createx.studio/blog-grid-v2.html]
[cartzilla-html.createx.studio/blog-list.html]
[cartzilla-html.createx.studio/blog-single-v1.html]
[cartzilla-html.createx.studio/blog-single-v2.html]
[cartzilla-html.createx.studio/contact-v1.html]
[cartzilla-html.createx.studio/contact-v2.html]
[cartzilla-html.createx.studio/contact-v3.html]
[cartzilla-html.createx.studio/help-topics-v1.html]
[cartzilla-html.createx.studio/help-topics-v2.html]
[cartzilla-html.createx.studio/help-single-article-v1.html]
[cartzilla-html.createx.studio/help-single-article-v2.html]
[cartzilla-html.createx.studio/404-electronics.html]
[cartzilla-html.createx.studio/404-fashion.html]
[cartzilla-html.createx.studio/404-furniture.html]
[cartzilla-html.createx.studio/404-grocery.html]
[cartzilla-html.createx.studio/terms-and-conditions.html]
[cartzilla-html.createx.studio/docs/installation.html]
[cartzilla-html.createx.studio/docs/typography.html]
[cartzilla-html.createx.studio/assets/img/intro/demos/furniture-light.png]
[cartzilla-html.createx.studio/assets/img/intro/demos/furniture-dark.png]
[cartzilla-html.createx.studio/assets/img/intro/demos/grocery-light.png]
[cartzilla-html.createx.studio/assets/img/intro/demos/grocery-dark.png]
[cartzilla-html.createx.studio/assets/img/intro/demos/fashion-1-light.png]
[cartzilla-html.createx.studio/assets/img/intro/demos/fashion-1-dark.png]
[cartzilla-html.createx.studio/assets/img/intro/demos/electronics-light.png]
[cartzilla-html.createx.studio/assets/img/intro/demos/electronics-dark.png]
[cartzilla-html.createx.studio/assets/img/intro/demos/fashion-2-light.png]
[cartzilla-html.createx.studio/assets/img/intro/demos/fashion-2-dark.png]
[cartzilla-html.createx.studio/assets/img/intro/pages-light.jpg]
[cartzilla-html.createx.studio/assets/img/intro/pages-dark.png]
[cartzilla-html.createx.studio/assets/img/intro/dark-mode.jpg]
[cartzilla-html.createx.studio/assets/img/intro/light-mode.jpg]
[cartzilla-html.createx.studio/assets/img/intro/features/bootstrap.png]
[cartzilla-html.createx.studio/assets/img/intro/features/sass.png]
[cartzilla-html.createx.studio/assets/img/intro/features/npm.png]
[cartzilla-html.createx.studio/assets/img/intro/features/js.png]
[cartzilla-html.createx.studio/assets/img/intro/features/html5.png]
[cartzilla-html.createx.studio/assets/img/intro/features/figma.png]
[cartzilla-html.createx.studio/assets/img/intro/features/touch.png]
[cartzilla-html.createx.studio/assets/img/intro/features/google-fonts.png]
[cartzilla-html.createx.studio/assets/img/intro/features/vector.png]
[cartzilla-html.createx.studio/assets/img/intro/mobile-light.png]
[cartzilla-html.createx.studio/assets/img/intro/mobile-dark.png]
[cartzilla-html.createx.studio/assets/img/intro/qr-light.png]
[cartzilla-html.createx.studio/assets/img/intro/qr-dark.png]
[cartzilla-html.createx.studio/assets/img/intro/customizer/colors-light.jpg]
[cartzilla-html.createx.studio/assets/img/intro/customizer/colors-dark.png]
[cartzilla-html.createx.studio/assets/img/intro/customizer/typography-light.jpg]
[cartzilla-html.createx.studio/assets/img/intro/customizer/typography-dark.png]
[cartzilla-html.createx.studio/assets/img/intro/customizer/borders-light.jpg]
[cartzilla-html.createx.studio/assets/img/intro/customizer/borders-dark.png]
[cartzilla-html.createx.studio/assets/vendor/img-comparison-slider/index.js]
[cartzilla-html.createx.studio/index.html]
[cartzilla-html.createx.studio/assets/icons/cartzilla-icons.min.css]
[cartzilla-html.createx.studio/assets/vendor/img-comparison-slider/styles.css]
[cartzilla-html.createx.studio/assets/css/theme.min.css]
[cartzilla-html.createx.studio/assets/css/theme.rtl.min.css]
[cartzilla-html.createx.studio/.html]
[cartzilla-html.createx.studio/assets/js/theme.min.js]
[cartzilla-html.createx.studio/assets/vendor/swiper/swiper-bundle.min.css]
[cartzilla-html.createx.studio/assets/img/shop/electronics/thumbs/08.png]
[cartzilla-html.createx.studio/assets/img/shop/electronics/thumbs/09.png]
[cartzilla-html.createx.studio/assets/img/shop/electronics/thumbs/01.png]
[cartzilla-html.createx.studio/assets/img/mega-menu/electronics/01.png]
[cartzilla-html.createx.studio/assets/img/mega-menu/electronics/02.png]
[cartzilla-html.createx.studio/assets/img/mega-menu/electronics/03.png]
[cartzilla-html.createx.studio/assets/img/mega-menu/electronics/04.png]
[cartzilla-html.createx.studio/assets/img/mega-menu/electronics/05.png]
[cartzilla-html.createx.studio/assets/img/mega-menu/electronics/06.png]
[cartzilla-html.createx.studio/assets/img/mega-menu/electronics/07.png]
[cartzilla-html.createx.studio/assets/img/mega-menu/electronics/08.png]
[cartzilla-html.createx.studio/assets/img/mega-menu/electronics/09.png]
[cartzilla-html.createx.studio/assets/img/mega-menu/electronics/10.png]
[cartzilla-html.createx.studio/assets/img/mega-menu/electronics/11.png]
[cartzilla-html.createx.studio/assets/img/mega-menu/electronics/12.png]
[cartzilla-html.createx.studio/assets/img/home/electronics/hero-slider/01.png]
[cartzilla-html.createx.studio/assets/img/home/electronics/hero-slider/02.png]
[cartzilla-html.createx.studio/assets/img/home/electronics/hero-slider/03.png]
[cartzilla-html.createx.studio/assets/img/home/electronics/banner/background.jpg]
[cartzilla-html.createx.studio/assets/img/home/electronics/banner/laptop.png]
[cartzilla-html.createx.studio/assets/img/shop/electronics/thumbs/03.png]
[cartzilla-html.createx.studio/assets/img/shop/electronics/thumbs/05.png]
[cartzilla-html.createx.studio/assets/img/shop/electronics/thumbs/07.png]
[cartzilla-html.createx.studio/assets/img/shop/electronics/thumbs/02.png]
[cartzilla-html.createx.studio/assets/img/shop/electronics/thumbs/04.png]
[cartzilla-html.createx.studio/assets/img/shop/electronics/thumbs/06.png]
[cartzilla-html.createx.studio/assets/img/shop/electronics/01.png]
[cartzilla-html.createx.studio/assets/img/shop/electronics/02.png]
[cartzilla-html.createx.studio/assets/img/shop/electronics/03.png]
[cartzilla-html.createx.studio/assets/img/shop/electronics/04.png]
[cartzilla-html.createx.studio/assets/img/shop/electronics/05.png]
[cartzilla-html.createx.studio/assets/img/shop/electronics/06.png]
[cartzilla-html.createx.studio/assets/img/shop/electronics/07.png]
[cartzilla-html.createx.studio/assets/img/shop/electronics/08.png]
[cartzilla-html.createx.studio/assets/img/home/electronics/banner/camera.png]
[cartzilla-html.createx.studio/assets/img/shop/electronics/09.png]
[cartzilla-html.createx.studio/assets/img/shop/electronics/11.png]
[cartzilla-html.createx.studio/assets/img/shop/electronics/10.png]
[cartzilla-html.createx.studio/assets/img/shop/electronics/brands/apple-light-mode.svg]
[cartzilla-html.createx.studio/assets/img/shop/electronics/brands/apple-dark-mode.svg]
[cartzilla-html.createx.studio/assets/img/shop/electronics/brands/motorola-light-mode.svg]
[cartzilla-html.createx.studio/assets/img/shop/electronics/brands/motorola-dark-mode.svg]
[cartzilla-html.createx.studio/assets/img/shop/electronics/brands/canon-light-mode.svg]
[cartzilla-html.createx.studio/assets/img/shop/electronics/brands/canon-dark-mode.svg]
[cartzilla-html.createx.studio/assets/img/shop/electronics/brands/samsung-light-mode.svg]
[cartzilla-html.createx.studio/assets/img/shop/electronics/brands/samsung-dark-mode.svg]
[cartzilla-html.createx.studio/assets/img/shop/electronics/brands/sony-light-mode.svg]
[cartzilla-html.createx.studio/assets/img/shop/electronics/brands/sony-dark-mode.svg]
[cartzilla-html.createx.studio/assets/img/home/electronics/vlog/01.jpg]
[cartzilla-html.createx.studio/assets/img/home/electronics/vlog/02.jpg]
[cartzilla-html.createx.studio/assets/img/home/electronics/vlog/03.jpg]
[cartzilla-html.createx.studio/assets/img/payment-methods/paypal-dark-mode.svg]
[cartzilla-html.createx.studio/assets/img/payment-methods/google-pay-dark-mode.svg]
[cartzilla-html.createx.studio/assets/img/payment-methods/apple-pay-dark-mode.svg]
[cartzilla-html.createx.studio/assets/vendor/swiper/swiper-bundle.min.js]
[cartzilla-html.createx.studio/home-electronics.html]
[cartzilla-html.createx.studio/assets/vendor/timezz/timezz.js]
[cartzilla-html.createx.studio/assets/vendor/simplebar/simplebar.min.css]
[cartzilla-html.createx.studio/assets/img/shop/fashion/thumbs/07.png]
[cartzilla-html.createx.studio/assets/img/shop/fashion/thumbs/08.png]
[cartzilla-html.createx.studio/assets/img/shop/fashion/thumbs/09.png]
[cartzilla-html.createx.studio/assets/img/flags/en-us.png]
[cartzilla-html.createx.studio/assets/img/flags/en-uk.png]
[cartzilla-html.createx.studio/assets/img/flags/fr.png]
[cartzilla-html.createx.studio/assets/img/flags/de.png]
[cartzilla-html.createx.studio/assets/img/flags/it.png]
[cartzilla-html.createx.studio/assets/img/mega-menu/fashion/01.jpg]
[cartzilla-html.createx.studio/assets/img/mega-menu/fashion/02.jpg]
[cartzilla-html.createx.studio/assets/img/mega-menu/fashion/03.jpg]
[cartzilla-html.createx.studio/assets/img/home/fashion/v1/hero-slider/01.png]
[cartzilla-html.createx.studio/assets/img/home/fashion/v1/hero-slider/02.png]
[cartzilla-html.createx.studio/assets/img/home/fashion/v1/hero-slider/03.png]
[cartzilla-html.createx.studio/assets/img/shop/fashion/thumbs/01.png]
[cartzilla-html.createx.studio/assets/img/shop/fashion/thumbs/02.png]
[cartzilla-html.createx.studio/assets/img/shop/fashion/thumbs/03.png]
[cartzilla-html.createx.studio/assets/img/shop/fashion/thumbs/04.png]
[cartzilla-html.createx.studio/assets/img/shop/fashion/thumbs/05.png]
[cartzilla-html.createx.studio/assets/img/shop/fashion/thumbs/06.png]
[cartzilla-html.createx.studio/assets/img/home/fashion/v1/popular/01.jpg]
[cartzilla-html.createx.studio/assets/img/home/fashion/v1/popular/02.jpg]
[cartzilla-html.createx.studio/assets/img/shop/fashion/01.png]
[cartzilla-html.createx.studio/assets/img/shop/fashion/08.png]
[cartzilla-html.createx.studio/assets/img/shop/fashion/11.png]
[cartzilla-html.createx.studio/assets/img/shop/fashion/04.png]
[cartzilla-html.createx.studio/assets/img/shop/fashion/09.png]
[cartzilla-html.createx.studio/assets/img/shop/fashion/10.png]
[cartzilla-html.createx.studio/assets/img/shop/fashion/05.png]
[cartzilla-html.createx.studio/assets/img/shop/fashion/06.png]
[cartzilla-html.createx.studio/assets/img/home/fashion/v1/collection/01.jpg]
[cartzilla-html.createx.studio/assets/img/home/fashion/v1/collection/02.jpg]
[cartzilla-html.createx.studio/assets/img/shop/fashion/03.png]
[cartzilla-html.createx.studio/assets/img/shop/fashion/12.png]
[cartzilla-html.createx.studio/assets/img/home/fashion/v1/reviews/01.png]
[cartzilla-html.createx.studio/assets/img/home/fashion/v1/reviews/02.png]
[cartzilla-html.createx.studio/assets/img/home/fashion/v1/reviews/03.png]
[cartzilla-html.createx.studio/assets/img/home/fashion/v1/reviews/04.png]
[cartzilla-html.createx.studio/assets/img/home/fashion/v1/reviews/05.png]
[cartzilla-html.createx.studio/assets/img/instagram/01.jpg]
[cartzilla-html.createx.studio/assets/img/instagram/02.jpg]
[cartzilla-html.createx.studio/assets/img/instagram/03.jpg]
[cartzilla-html.createx.studio/assets/img/instagram/04.jpg]
[cartzilla-html.createx.studio/assets/img/instagram/05.jpg]
[cartzilla-html.createx.studio/assets/img/payment-methods/paypal-light-mode.svg]
[cartzilla-html.createx.studio/assets/img/payment-methods/google-pay-light-mode.svg]
[cartzilla-html.createx.studio/assets/img/payment-methods/apple-pay-light-mode.svg]
[cartzilla-html.createx.studio/home-fashion-v1.html]
[cartzilla-html.createx.studio/assets/vendor/simplebar/simplebar.min.js]
[cartzilla-html.createx.studio/_assets/img/home/fashion/v2/hero/hotspot01.e0.delayed]
[cartzilla-html.createx.studio/_shop-product-fashion.e1.delayed]
[cartzilla-html.createx.studio/_assets/img/home/fashion/v2/hero/hotspot02.e2.delayed]
[cartzilla-html.createx.studio/_assets/img/home/fashion/v2/hero/hotspot03.e3.delayed]
[cartzilla-html.createx.studio/assets/img/home/fashion/v2/hero/image.png]
[cartzilla-html.createx.studio/assets/img/home/fashion/v2/categories/01.png]
[cartzilla-html.createx.studio/assets/img/home/fashion/v2/categories/02.png]
[cartzilla-html.createx.studio/assets/img/home/fashion/v2/categories/03.png]
[cartzilla-html.createx.studio/assets/img/shop/fashion/02.png]
[cartzilla-html.createx.studio/assets/img/shop/fashion/banner01.png]
[cartzilla-html.createx.studio/assets/img/shop/fashion/banner02.png]
[cartzilla-html.createx.studio/assets/img/shop/fashion/banner03.png]
[cartzilla-html.createx.studio/assets/img/home/fashion/v2/offers-slider/product01.png]
[cartzilla-html.createx.studio/assets/img/home/fashion/v2/offers-slider/product02.png]
[cartzilla-html.createx.studio/assets/img/home/fashion/v2/offers-slider/preview01.png]
[cartzilla-html.createx.studio/assets/img/home/fashion/v2/offers-slider/preview02.png]
[cartzilla-html.createx.studio/assets/img/home/fashion/v2/brands/zara-light.svg]
[cartzilla-html.createx.studio/assets/img/home/fashion/v2/brands/zara-dark.svg]
[cartzilla-html.createx.studio/assets/img/home/fashion/v2/brands/brooks-light.svg]
[cartzilla-html.createx.studio/assets/img/home/fashion/v2/brands/brooks-dark.svg]
[cartzilla-html.createx.studio/assets/img/home/fashion/v2/brands/fila-light.svg]
[cartzilla-html.createx.studio/assets/img/home/fashion/v2/brands/fila-dark.svg]
[cartzilla-html.createx.studio/assets/img/home/fashion/v2/brands/adidas-light.svg]
[cartzilla-html.createx.studio/assets/img/home/fashion/v2/brands/adidas-dark.svg]
[cartzilla-html.createx.studio/assets/img/home/fashion/v2/brands/hermes-light.svg]
[cartzilla-html.createx.studio/assets/img/home/fashion/v2/brands/hermes-dark.svg]
[cartzilla-html.createx.studio/assets/img/home/fashion/v2/brands/dior-light.svg]
[cartzilla-html.createx.studio/assets/img/home/fashion/v2/brands/dior-dark.svg]
[cartzilla-html.createx.studio/assets/img/home/fashion/v2/brands/newbalance-light.svg]
[cartzilla-html.createx.studio/assets/img/home/fashion/v2/brands/newbalance-dark.svg]
[cartzilla-html.createx.studio/assets/img/home/fashion/v2/brands/puma-light.svg]
[cartzilla-html.createx.studio/assets/img/home/fashion/v2/brands/puma-dark.svg]
[cartzilla-html.createx.studio/assets/img/home/fashion/v2/brands/hm-light.svg]
[cartzilla-html.createx.studio/home-fashion-v2.html]
[cartzilla-html.createx.studio/assets/img/home/fashion/v2/brands/hm-dark.svg]
[cartzilla-html.createx.studio/assets/vendor/glightbox/glightbox.min.css]
[cartzilla-html.createx.studio/assets/img/home/furniture/hero-slider/th04.png]
[cartzilla-html.createx.studio/assets/img/home/furniture/hero-slider/th01.png]
[cartzilla-html.createx.studio/assets/img/home/furniture/hero-slider/th02.png]
[cartzilla-html.createx.studio/assets/img/home/furniture/hero-slider/th03.png]
[cartzilla-html.createx.studio/assets/img/home/furniture/hero-slider/01.png]
[cartzilla-html.createx.studio/assets/img/home/furniture/hero-slider/02.png]
[cartzilla-html.createx.studio/assets/img/home/furniture/hero-slider/03.png]
[cartzilla-html.createx.studio/assets/img/home/furniture/hero-slider/04.png]
[cartzilla-html.createx.studio/assets/img/home/furniture/categories/01.png]
[cartzilla-html.createx.studio/assets/img/home/furniture/categories/02.png]
[cartzilla-html.createx.studio/assets/img/home/furniture/categories/03.png]
[cartzilla-html.createx.studio/assets/img/home/furniture/categories/04.png]
[cartzilla-html.createx.studio/assets/img/home/furniture/categories/05.png]
[cartzilla-html.createx.studio/assets/img/home/furniture/categories/06.png]
[cartzilla-html.createx.studio/assets/img/shop/furniture/04.png]
[cartzilla-html.createx.studio/assets/img/shop/furniture/04-hover.jpg]
[cartzilla-html.createx.studio/assets/img/shop/furniture/05.png]
[cartzilla-html.createx.studio/assets/img/shop/furniture/05-hover.jpg]
[cartzilla-html.createx.studio/assets/img/shop/furniture/06.png]
[cartzilla-html.createx.studio/assets/img/shop/furniture/06-hover.jpg]
[cartzilla-html.createx.studio/assets/img/shop/furniture/08.png]
[cartzilla-html.createx.studio/assets/img/shop/furniture/08-hover.jpg]
[cartzilla-html.createx.studio/assets/img/shop/furniture/02.png]
[cartzilla-html.createx.studio/assets/img/shop/furniture/02-hover.jpg]
[cartzilla-html.createx.studio/assets/img/shop/furniture/07.png]
[cartzilla-html.createx.studio/assets/img/shop/furniture/07-hover.jpg]
[cartzilla-html.createx.studio/_assets/img/home/furniture/gallery/hotspot01.11d.delayed]
[cartzilla-html.createx.studio/_shop-product-furniture.11e.delayed]
[cartzilla-html.createx.studio/_assets/img/home/furniture/gallery/hotspot02.11f.delayed]
[cartzilla-html.createx.studio/_assets/img/home/furniture/gallery/hotspot03.120.delayed]
[cartzilla-html.createx.studio/assets/img/home/furniture/gallery/01.jpg]
[cartzilla-html.createx.studio/assets/img/home/furniture/gallery/02.jpg]
[cartzilla-html.createx.studio/assets/img/home/furniture/gallery/03.jpg]
[cartzilla-html.createx.studio/assets/img/home/furniture/gallery/04.jpg]
[cartzilla-html.createx.studio/assets/img/home/furniture/featured-product.png]
[cartzilla-html.createx.studio/assets/img/home/furniture/featured-product-thumbnail.jpg]
[cartzilla-html.createx.studio/assets/img/blog/grid/v2/01.jpg]
[cartzilla-html.createx.studio/assets/img/blog/grid/v2/11.jpg]
[cartzilla-html.createx.studio/assets/img/blog/grid/v2/10.jpg]
[cartzilla-html.createx.studio/home-furniture.html]
[cartzilla-html.createx.studio/assets/vendor/glightbox/glightbox.min.js]
[cartzilla-html.createx.studio/assets/vendor/choices.js/choices.min.css]
[cartzilla-html.createx.studio/assets/img/shop/grocery/thumbs/01.png]
[cartzilla-html.createx.studio/assets/img/shop/grocery/thumbs/02.png]
[cartzilla-html.createx.studio/assets/img/shop/grocery/thumbs/03.png]
[cartzilla-html.createx.studio/assets/img/shop/grocery/thumbs/04.png]
[cartzilla-html.createx.studio/.130.delayed]
[cartzilla-html.createx.studio/.131.delayed]
[cartzilla-html.createx.studio/assets/img/mega-menu/grocery/th01.png]
[cartzilla-html.createx.studio/assets/img/mega-menu/grocery/th02.png]
[cartzilla-html.createx.studio/assets/img/mega-menu/grocery/th03.png]
[cartzilla-html.createx.studio/assets/img/mega-menu/grocery/th04.png]
[cartzilla-html.createx.studio/assets/img/mega-menu/grocery/th05.png]
[cartzilla-html.createx.studio/assets/img/mega-menu/grocery/th06.png]
[cartzilla-html.createx.studio/assets/img/home/grocery/hero-slider/01.jpg]
[cartzilla-html.createx.studio/assets/img/home/grocery/hero-slider/02.jpg]
[cartzilla-html.createx.studio/assets/img/home/grocery/hero-slider/03.jpg]
[cartzilla-html.createx.studio/assets/img/home/grocery/featured/01.png]
[cartzilla-html.createx.studio/assets/img/home/grocery/featured/02.png]
[cartzilla-html.createx.studio/assets/img/home/grocery/featured/03.png]
[cartzilla-html.createx.studio/assets/img/shop/grocery/categories/01.png]
[cartzilla-html.createx.studio/assets/img/shop/grocery/categories/02.png]
[cartzilla-html.createx.studio/assets/img/shop/grocery/categories/03.png]
[cartzilla-html.createx.studio/assets/img/shop/grocery/categories/04.png]
[cartzilla-html.createx.studio/assets/img/shop/grocery/categories/05.png]
[cartzilla-html.createx.studio/assets/img/shop/grocery/categories/06.png]
[cartzilla-html.createx.studio/assets/img/shop/grocery/categories/07.png]
[cartzilla-html.createx.studio/assets/img/shop/grocery/categories/08.png]
[cartzilla-html.createx.studio/assets/img/shop/grocery/01.png]
[cartzilla-html.createx.studio/assets/img/shop/grocery/02.png]
[cartzilla-html.createx.studio/assets/img/shop/grocery/03.png]
[cartzilla-html.createx.studio/assets/img/shop/grocery/04.png]
[cartzilla-html.createx.studio/assets/img/shop/grocery/05.png]
[cartzilla-html.createx.studio/assets/img/shop/grocery/06.png]
[cartzilla-html.createx.studio/assets/img/shop/grocery/07.png]
[cartzilla-html.createx.studio/assets/img/shop/grocery/08.png]
[cartzilla-html.createx.studio/assets/img/shop/grocery/banner.jpg]
[cartzilla-html.createx.studio/assets/img/shop/grocery/09.png]
[cartzilla-html.createx.studio/assets/img/shop/grocery/10.png]
[cartzilla-html.createx.studio/assets/img/shop/grocery/11.png]
[cartzilla-html.createx.studio/assets/img/shop/grocery/12.png]
[cartzilla-html.createx.studio/assets/img/home/grocery/recipes/01.jpg]
[cartzilla-html.createx.studio/assets/img/home/grocery/recipes/02.jpg]
[cartzilla-html.createx.studio/assets/img/home/grocery/recipes/03.jpg]
[cartzilla-html.createx.studio/assets/img/home/grocery/recipes/book-cover.jpg]
[cartzilla-html.createx.studio/assets/img/home/grocery/banner01.png]
[cartzilla-html.createx.studio/assets/img/home/grocery/banner02.png]
[cartzilla-html.createx.studio/home-grocery.html]
[cartzilla-html.createx.studio/assets/vendor/choices.js/choices.min.js]
[cartzilla-html.createx.studio/assets/img/shop/electronics/brands/xiaomi-light-mode.svg]
[cartzilla-html.createx.studio/assets/img/shop/electronics/brands/xiaomi-dark-mode.svg]
[cartzilla-html.createx.studio/assets/img/shop/electronics/categories/01.png]
[cartzilla-html.createx.studio/assets/img/shop/electronics/categories/02.png]
[cartzilla-html.createx.studio/assets/img/shop/electronics/categories/03.png]
[cartzilla-html.createx.studio/assets/img/shop/electronics/categories/04.png]
[cartzilla-html.createx.studio/assets/img/shop/electronics/categories/05.png]
[cartzilla-html.createx.studio/assets/img/shop/electronics/categories/06.png]
[cartzilla-html.createx.studio/assets/img/shop/electronics/categories/07.png]
[cartzilla-html.createx.studio/assets/img/shop/electronics/categories/08.png]
[cartzilla-html.createx.studio/assets/img/shop/electronics/banners/iphone-1.png]
[cartzilla-html.createx.studio/assets/img/shop/electronics/banners/ipad.png]
[cartzilla-html.createx.studio/shop-categories-electronics.html]
[cartzilla-html.createx.studio/assets/vendor/nouislider/nouislider.min.css]
[cartzilla-html.createx.studio/assets/img/shop/electronics/banners/iphone-2.png]
[cartzilla-html.createx.studio/assets/img/shop/electronics/13.png]
[cartzilla-html.createx.studio/assets/img/shop/electronics/banners/background.jpg]
[cartzilla-html.createx.studio/assets/img/shop/electronics/banners/laptop.png]
[cartzilla-html.createx.studio/assets/img/shop/electronics/12.png]
[cartzilla-html.createx.studio/shop-catalog-electronics.html]
[cartzilla-html.createx.studio/assets/vendor/nouislider/nouislider.min.js]
[cartzilla-html.createx.studio/assets/vendor/drift-zoom/drift-basic.min.css]
[cartzilla-html.createx.studio/assets/img/shop/electronics/product/gallery/01.png]
[cartzilla-html.createx.studio/assets/img/shop/electronics/product/gallery/02.png]
[cartzilla-html.createx.studio/assets/img/shop/electronics/product/gallery/03.png]
[cartzilla-html.createx.studio/assets/img/shop/electronics/product/gallery/04.png]
[cartzilla-html.createx.studio/assets/img/shop/electronics/product/gallery/05.png]
[cartzilla-html.createx.studio/assets/img/shop/electronics/product/gallery/06.png]
[cartzilla-html.createx.studio/assets/img/shop/electronics/product/gallery/07.png]
[cartzilla-html.createx.studio/assets/img/shop/electronics/product/gallery/th01.png]
[cartzilla-html.createx.studio/assets/img/shop/electronics/product/gallery/th02.png]
[cartzilla-html.createx.studio/assets/img/shop/electronics/product/gallery/th03.png]
[cartzilla-html.createx.studio/assets/img/shop/electronics/product/gallery/th04.png]
[cartzilla-html.createx.studio/assets/img/shop/electronics/product/gallery/th05.png]
[cartzilla-html.createx.studio/assets/img/shop/electronics/product/gallery/th06.png]
[cartzilla-html.createx.studio/assets/img/shop/electronics/product/gallery/th07.png]
[cartzilla-html.createx.studio/assets/img/shop/electronics/thumbs/10.png]
[cartzilla-html.createx.studio/assets/img/shop/electronics/14.png]
[cartzilla-html.createx.studio/assets/img/shop/electronics/15.png]
[cartzilla-html.createx.studio/shop-product-general-electronics.html]
[cartzilla-html.createx.studio/shop-product-details-electronics.html]
[cartzilla-html.createx.studio/assets/vendor/drift-zoom/Drift.min.js]
[cartzilla-html.createx.studio/assets/img/shop/electronics/product/reviews/01.png]
[cartzilla-html.createx.studio/assets/img/shop/electronics/product/reviews/02.png]
[cartzilla-html.createx.studio/assets/img/shop/electronics/product/reviews/03.png]
[cartzilla-html.createx.studio/shop-product-reviews-electronics.html]
[cartzilla-html.createx.studio/assets/img/shop/fashion/07.png]
[cartzilla-html.createx.studio/shop-catalog-fashion.html]
[cartzilla-html.createx.studio/assets/vendor/list.js/list.min.js]
[cartzilla-html.createx.studio/assets/img/shop/fashion/product/01.png]
[cartzilla-html.createx.studio/assets/img/shop/fashion/product/02.png]
[cartzilla-html.createx.studio/assets/img/shop/fashion/product/03.png]
[cartzilla-html.createx.studio/assets/img/shop/fashion/product/04.png]
[cartzilla-html.createx.studio/assets/img/shop/fashion/product/05.png]
[cartzilla-html.createx.studio/assets/img/shop/fashion/product/colors/color01.png]
[cartzilla-html.createx.studio/assets/img/shop/fashion/product/colors/color02.png]
[cartzilla-html.createx.studio/assets/img/shop/fashion/product/colors/color03.png]
[cartzilla-html.createx.studio/assets/img/shop/fashion/product/thumb.png]
[cartzilla-html.createx.studio/shop-product-fashion.html]
[cartzilla-html.createx.studio/assets/img/shop/furniture/01.png]
[cartzilla-html.createx.studio/assets/img/shop/furniture/01-hover.jpg]
[cartzilla-html.createx.studio/assets/img/shop/furniture/03.png]
[cartzilla-html.createx.studio/assets/img/shop/furniture/03-hover.jpg]
[cartzilla-html.createx.studio/assets/img/shop/furniture/09.png]
[cartzilla-html.createx.studio/assets/img/shop/furniture/09-hover.jpg]
[cartzilla-html.createx.studio/assets/img/shop/furniture/10.png]
[cartzilla-html.createx.studio/assets/img/shop/furniture/10-hover.jpg]
[cartzilla-html.createx.studio/assets/img/shop/furniture/11.png]
[cartzilla-html.createx.studio/assets/img/shop/furniture/11-hover.jpg]
[cartzilla-html.createx.studio/assets/img/shop/furniture/12.png]
[cartzilla-html.createx.studio/assets/img/shop/furniture/12-hover.jpg]
[cartzilla-html.createx.studio/assets/img/shop/furniture/13.png]
[cartzilla-html.createx.studio/assets/img/shop/furniture/13-hover.jpg]
[cartzilla-html.createx.studio/assets/img/shop/furniture/14.png]
[cartzilla-html.createx.studio/assets/img/shop/furniture/14-hover.jpg]
[cartzilla-html.createx.studio/assets/img/shop/furniture/15.png]
[cartzilla-html.createx.studio/assets/img/shop/furniture/15-hover.jpg]
[cartzilla-html.createx.studio/assets/img/shop/furniture/16.png]
[cartzilla-html.createx.studio/assets/img/shop/furniture/16-hover.jpg]
[cartzilla-html.createx.studio/shop-catalog-furniture.html]
[cartzilla-html.createx.studio/assets/img/shop/furniture/product/01.png]
[cartzilla-html.createx.studio/assets/img/shop/furniture/product/02.jpg]
[cartzilla-html.createx.studio/assets/img/shop/furniture/product/03.jpg]
[cartzilla-html.createx.studio/assets/img/shop/furniture/product/04.jpg]
[cartzilla-html.createx.studio/assets/img/shop/furniture/product/05.jpg]
[cartzilla-html.createx.studio/assets/img/shop/furniture/product/06.jpg]
[cartzilla-html.createx.studio/assets/img/shop/furniture/product/colors/color01.png]
[cartzilla-html.createx.studio/assets/img/shop/furniture/product/colors/color02.png]
[cartzilla-html.createx.studio/assets/img/shop/furniture/product/colors/color03.png]
[cartzilla-html.createx.studio/assets/img/shop/furniture/product/thumb.png]
[cartzilla-html.createx.studio/assets/img/blog/grid/v2/13.jpg]
[cartzilla-html.createx.studio/shop-product-furniture.html]
[cartzilla-html.createx.studio/assets/img/shop/grocery/13.png]
[cartzilla-html.createx.studio/assets/img/shop/grocery/14.png]
[cartzilla-html.createx.studio/assets/img/shop/grocery/15.png]
[cartzilla-html.createx.studio/assets/img/shop/grocery/16.png]
[cartzilla-html.createx.studio/shop-catalog-grocery.html]
[cartzilla-html.createx.studio/assets/img/shop/grocery/product/th01.png]
[cartzilla-html.createx.studio/assets/img/shop/grocery/product/th02.png]
[cartzilla-html.createx.studio/assets/img/shop/grocery/product/th03.png]
[cartzilla-html.createx.studio/assets/img/shop/grocery/product/01.png]
[cartzilla-html.createx.studio/assets/img/shop/grocery/product/02.png]
[cartzilla-html.createx.studio/assets/img/shop/grocery/product/03.png]
[cartzilla-html.createx.studio/assets/img/shop/grocery/categories/09.png]
[cartzilla-html.createx.studio/assets/img/shop/grocery/categories/10.png]
[cartzilla-html.createx.studio/assets/img/shop/grocery/categories/11.png]
[cartzilla-html.createx.studio/shop-product-grocery.html]
[cartzilla-html.createx.studio/checkout-v1-cart.html]
[cartzilla-html.createx.studio/checkout-v1-delivery-1.html]
[cartzilla-html.createx.studio/checkout-v1-delivery-2.html]
[cartzilla-html.createx.studio/checkout-v1-shipping.html]
[cartzilla-html.createx.studio/assets/img/payment-methods/paypal-icon.svg]
[cartzilla-html.createx.studio/checkout-v1-payment.html]
[cartzilla-html.createx.studio/checkout-v1-thankyou.html]
[cartzilla-html.createx.studio/checkout-v2-cart.html]
[cartzilla-html.createx.studio/checkout-v2-delivery.html]
[cartzilla-html.createx.studio/checkout-v2-pickup.html]
[cartzilla-html.createx.studio/assets/vendor/cleave.js/cleave.min.js]
[cartzilla-html.createx.studio/assets/img/shop/grocery/thankyou-bg-1.png]
[cartzilla-html.createx.studio/assets/img/shop/grocery/thankyou-bg-2.png]
[cartzilla-html.createx.studio/checkout-v2-thankyou.html]
[cartzilla-html.createx.studio/assets/img/account-cover.png]
[cartzilla-html.createx.studio/account-signin.html]
[cartzilla-html.createx.studio/account-signup.html]
[cartzilla-html.createx.studio/account-password-recovery.html]
[cartzilla-html.createx.studio/assets/img/shop/electronics/thumbs/20.png]
[cartzilla-html.createx.studio/assets/img/shop/electronics/thumbs/16.png]
[cartzilla-html.createx.studio/assets/img/shop/electronics/thumbs/15.png]
[cartzilla-html.createx.studio/assets/img/shop/electronics/thumbs/14.png]
[cartzilla-html.createx.studio/assets/img/shop/electronics/thumbs/12.png]
[cartzilla-html.createx.studio/assets/img/shop/electronics/thumbs/13.png]
[cartzilla-html.createx.studio/assets/img/shop/electronics/thumbs/18.png]
[cartzilla-html.createx.studio/assets/img/shop/electronics/thumbs/21.png]
[cartzilla-html.createx.studio/assets/img/shop/electronics/thumbs/11.png]
[cartzilla-html.createx.studio/assets/img/shop/electronics/thumbs/17.png]
[cartzilla-html.createx.studio/assets/img/shop/electronics/thumbs/19.png]
[cartzilla-html.createx.studio/assets/img/shop/electronics/thumbs/22.png]
[cartzilla-html.createx.studio/account-orders.html]
[cartzilla-html.createx.studio/account-wishlist.html]
[cartzilla-html.createx.studio/account-payment.html]
[cartzilla-html.createx.studio/account-reviews.html]
[cartzilla-html.createx.studio/assets/vendor/flatpickr/flatpickr.min.css]
[cartzilla-html.createx.studio/.1cf.delayed]
[cartzilla-html.createx.studio/_assets/img/flags/en-us.png/_.1d0.delayed]
[cartzilla-html.createx.studio/_assets/img/flags/fr.png/_.1d1.delayed]
[cartzilla-html.createx.studio/_assets/img/flags/de.png/_.1d2.delayed]
[cartzilla-html.createx.studio/_assets/img/flags/it.png/_.1d3.delayed]
[cartzilla-html.createx.studio/.1d4.delayed]
[cartzilla-html.createx.studio/.1d5.delayed]
[cartzilla-html.createx.studio/account-info.html]
[cartzilla-html.createx.studio/assets/vendor/flatpickr/flatpickr.min.js]
[cartzilla-html.createx.studio/.1d7.delayed]
[cartzilla-html.createx.studio/.1d8.delayed]
[cartzilla-html.createx.studio/account-addresses.html]
[cartzilla-html.createx.studio/account-notifications.html]
[cartzilla-html.createx.studio/assets/img/about/v1/hero.jpg]
[cartzilla-html.createx.studio/assets/img/about/v1/avatar.jpg]
[cartzilla-html.createx.studio/assets/img/about/v1/delivery.jpg]
[cartzilla-html.createx.studio/assets/img/about/v1/video-cover.jpg]
[cartzilla-html.createx.studio/about-v1.html]
[cartzilla-html.createx.studio/assets/img/about/v2/hero.jpg]
[cartzilla-html.createx.studio/assets/img/blog/grid/v2/02.jpg]
[cartzilla-html.createx.studio/assets/img/about/v2/feature01.jpg]
[cartzilla-html.createx.studio/assets/img/about/v2/feature02.jpg]
[cartzilla-html.createx.studio/assets/img/about/v2/feature03.jpg]
[cartzilla-html.createx.studio/assets/img/blog/grid/v2/video01.jpg]
[cartzilla-html.createx.studio/assets/img/blog/grid/v2/15.jpg]
[cartzilla-html.createx.studio/about-v2.html]
[cartzilla-html.createx.studio/assets/img/blog/grid/v1/01.jpg]
[cartzilla-html.createx.studio/assets/img/blog/grid/v1/02.jpg]
[cartzilla-html.createx.studio/assets/img/blog/grid/v1/03.jpg]
[cartzilla-html.createx.studio/assets/img/blog/grid/v1/04.jpg]
[cartzilla-html.createx.studio/assets/img/blog/grid/v1/05.jpg]
[cartzilla-html.createx.studio/assets/img/blog/grid/v1/06.jpg]
[cartzilla-html.createx.studio/assets/img/blog/grid/v1/07.jpg]
[cartzilla-html.createx.studio/assets/img/blog/grid/v1/08.jpg]
[cartzilla-html.createx.studio/assets/img/blog/grid/v1/09.jpg]
[cartzilla-html.createx.studio/assets/img/blog/grid/v1/10.jpg]
[cartzilla-html.createx.studio/assets/img/blog/grid/v1/slider01.jpg]
[cartzilla-html.createx.studio/assets/img/blog/grid/v1/slider02.jpg]
[cartzilla-html.createx.studio/assets/img/blog/grid/v1/11.jpg]
[cartzilla-html.createx.studio/assets/img/blog/grid/v1/12.jpg]
[cartzilla-html.createx.studio/assets/img/blog/grid/v1/13.jpg]
[cartzilla-html.createx.studio/assets/img/blog/grid/v1/14.jpg]
[cartzilla-html.createx.studio/assets/img/blog/grid/v1/th01.jpg]
[cartzilla-html.createx.studio/assets/img/blog/grid/v1/th02.jpg]
[cartzilla-html.createx.studio/assets/img/blog/grid/v1/th03.jpg]
[cartzilla-html.createx.studio/assets/img/blog/grid/v1/video01.jpg]
[cartzilla-html.createx.studio/assets/img/blog/grid/v1/video04.jpg]
[cartzilla-html.createx.studio/assets/img/blog/grid/v1/video02.jpg]
[cartzilla-html.createx.studio/assets/img/blog/grid/v1/video03.jpg]
[cartzilla-html.createx.studio/blog-grid-v1.html]
[cartzilla-html.createx.studio/assets/img/blog/grid/v2/03.jpg]
[cartzilla-html.createx.studio/assets/img/blog/grid/v2/04.jpg]
[cartzilla-html.createx.studio/assets/img/blog/grid/v2/09.jpg]
[cartzilla-html.createx.studio/assets/img/blog/grid/v2/12.jpg]
[cartzilla-html.createx.studio/assets/img/blog/grid/v2/14.jpg]
[cartzilla-html.createx.studio/assets/img/blog/grid/v2/video02.jpg]
[cartzilla-html.createx.studio/assets/img/blog/grid/v2/05.jpg]
[cartzilla-html.createx.studio/assets/img/blog/grid/v2/06.jpg]
[cartzilla-html.createx.studio/assets/img/blog/grid/v2/07.jpg]
[cartzilla-html.createx.studio/assets/img/blog/grid/v2/08.jpg]
[cartzilla-html.createx.studio/blog-grid-v2.html]
[cartzilla-html.createx.studio/assets/img/blog/list/01.jpg]
[cartzilla-html.createx.studio/assets/img/blog/list/02.jpg]
[cartzilla-html.createx.studio/assets/img/blog/list/03.jpg]
[cartzilla-html.createx.studio/assets/img/blog/list/04.jpg]
[cartzilla-html.createx.studio/assets/img/blog/list/05.jpg]
[cartzilla-html.createx.studio/assets/img/blog/list/06.jpg]
[cartzilla-html.createx.studio/assets/img/blog/list/07.jpg]
[cartzilla-html.createx.studio/assets/img/blog/list/08.jpg]
[cartzilla-html.createx.studio/assets/img/blog/list/09.jpg]
[cartzilla-html.createx.studio/assets/img/blog/list/10.jpg]
[cartzilla-html.createx.studio/assets/img/blog/list/11.jpg]
[cartzilla-html.createx.studio/assets/img/blog/list/12.jpg]
[cartzilla-html.createx.studio/blog-list.html]
[cartzilla-html.createx.studio/assets/img/blog/post/main.jpg]
[cartzilla-html.createx.studio/assets/img/blog/post/slide01.jpg]
[cartzilla-html.createx.studio/assets/img/blog/post/slide02.jpg]
[cartzilla-html.createx.studio/assets/img/blog/post/slide03.jpg]
[cartzilla-html.createx.studio/blog-single-v1.html]
[cartzilla-html.createx.studio/assets/img/blog/post/nav01.jpg]
[cartzilla-html.createx.studio/assets/img/blog/post/nav02.jpg]
[cartzilla-html.createx.studio/blog-single-v2.html]
[cartzilla-html.createx.studio/assets/img/contact/title-bg.png]
[cartzilla-html.createx.studio/assets/img/contact/map.jpg]
[cartzilla-html.createx.studio/contact-v1.html]
[cartzilla-html.createx.studio/contact-v2.html]
[cartzilla-html.createx.studio/assets/img/contact/form-image.jpg]
[cartzilla-html.createx.studio/contact-v3.html]
[cartzilla-html.createx.studio/assets/img/help/article01.jpg]
[cartzilla-html.createx.studio/assets/img/help/article02.jpg]
[cartzilla-html.createx.studio/assets/img/help/article03.jpg]
[cartzilla-html.createx.studio/assets/img/help/article04.jpg]
[cartzilla-html.createx.studio/help-topics-v1.html]
[cartzilla-html.createx.studio/assets/img/help/hero-light.png]
[cartzilla-html.createx.studio/assets/img/help/hero-dark.png]
[cartzilla-html.createx.studio/help-topics-v2.html]
[cartzilla-html.createx.studio/assets/img/help/single.jpg]
[cartzilla-html.createx.studio/help-single-article-v1.html]
[cartzilla-html.createx.studio/help-single-article-v2.html]
[cartzilla-html.createx.studio/404-electronics.html]
[cartzilla-html.createx.studio/404-fashion.html]
[cartzilla-html.createx.studio/assets/img/404/furniture.png]
[cartzilla-html.createx.studio/404-furniture.html]
[cartzilla-html.createx.studio/assets/img/404/grocery.png]
[cartzilla-html.createx.studio/assets/img/404/grocery-bg-1.png]
[cartzilla-html.createx.studio/assets/img/404/grocery-bg-2.png]
[cartzilla-html.createx.studio/404-grocery.html]
[cartzilla-html.createx.studio/terms-and-conditions.html]
[cartzilla-html.createx.studio/docs/.225.delayed]
[cartzilla-html.createx.studio/docs/npm-scripts.html]
[cartzilla-html.createx.studio/docs/structure.html]
[cartzilla-html.createx.studio/docs/configuration.html]
[cartzilla-html.createx.studio/docs/pwa.html]
[cartzilla-html.createx.studio/docs/web-font.html]
[cartzilla-html.createx.studio/docs/icon-font.html]
[cartzilla-html.createx.studio/docs/performance.html]
[cartzilla-html.createx.studio/docs/browser-support.html]
[cartzilla-html.createx.studio/docs/rtl.html]
[cartzilla-html.createx.studio/docs/deployment.html]
[cartzilla-html.createx.studio/docs/credits.html]
[cartzilla-html.createx.studio/docs/changelog.html]
[cartzilla-html.createx.studio/docs/options.html]
[cartzilla-html.createx.studio/docs/colors.html]
[cartzilla-html.createx.studio/docs/color-modes.html]
[cartzilla-html.createx.studio/docs/css-variables.html]
[cartzilla-html.createx.studio/docs/icons.html]
[cartzilla-html.createx.studio/docs/code.html]
[cartzilla-html.createx.studio/docs/images.html]
[cartzilla-html.createx.studio/docs/tables.html]
[cartzilla-html.createx.studio/docs/accordion.html]
[cartzilla-html.createx.studio/docs/alerts.html]
[cartzilla-html.createx.studio/docs/badges.html]
[cartzilla-html.createx.studio/docs/blog-components.html]
[cartzilla-html.createx.studio/docs/breadcrumb.html]
[cartzilla-html.createx.studio/docs/buttons.html]
[cartzilla-html.createx.studio/docs/button-group.html]
[cartzilla-html.createx.studio/docs/card.html]
[cartzilla-html.createx.studio/docs/carousel.html]
[cartzilla-html.createx.studio/docs/collapse.html]
[cartzilla-html.createx.studio/docs/countdown.html]
[cartzilla-html.createx.studio/docs/date-picker.html]
[cartzilla-html.createx.studio/docs/dropdowns.html]
[cartzilla-html.createx.studio/docs/forms.html]
[cartzilla-html.createx.studio/docs/hotspots.html]
[cartzilla-html.createx.studio/docs/image-comparison-slider.html]
[cartzilla-html.createx.studio/docs/image-zoom.html]
[cartzilla-html.createx.studio/docs/input-group.html]
[cartzilla-html.createx.studio/docs/input-formatter.html]
[cartzilla-html.createx.studio/docs/lightbox.html]
[cartzilla-html.createx.studio/docs/list-group.html]
[cartzilla-html.createx.studio/docs/modal.html]
[cartzilla-html.createx.studio/docs/nav-links.html]
[cartzilla-html.createx.studio/docs/navbar.html]
[cartzilla-html.createx.studio/docs/offcanvas.html]
[cartzilla-html.createx.studio/docs/pagination.html]
[cartzilla-html.createx.studio/docs/pills.html]
[cartzilla-html.createx.studio/docs/placeholders.html]
[cartzilla-html.createx.studio/docs/popovers.html]
[cartzilla-html.createx.studio/docs/product-cards.html]
[cartzilla-html.createx.studio/docs/progress.html]
[cartzilla-html.createx.studio/docs/reviews.html]
[cartzilla-html.createx.studio/docs/scrollbar.html]
[cartzilla-html.createx.studio/docs/scrollspy.html]
[cartzilla-html.createx.studio/docs/select-box.html]
[cartzilla-html.createx.studio/docs/shop-categories.html]
[cartzilla-html.createx.studio/docs/shop-filters.html]
[cartzilla-html.createx.studio/docs/spinners.html]
[cartzilla-html.createx.studio/docs/tabs.html]
[cartzilla-html.createx.studio/docs/toasts.html]
[cartzilla-html.createx.studio/docs/tooltips.html]
[cartzilla-html.createx.studio/docs/installation.html]
[cartzilla-html.createx.studio/docs/utilities.html]
[cdnjs.cloudflare.com/ajax/libs/highlight.js/11.9.0/styles/atom-one-dark.min.css]
[cartzilla-html.createx.studio/docs/typography.html]
[cartzilla-html.createx.studio/assets/vendor/swiper/swiper-bundle.min.css]
[cartzilla-html.createx.studio/assets/img/shop/electronics/brands/apple-light-mode.svg]
[cartzilla-html.createx.studio/assets/img/shop/electronics/brands/apple-dark-mode.svg]
[cartzilla-html.createx.studio/assets/img/shop/electronics/brands/motorola-light-mode.svg]
[cartzilla-html.createx.studio/assets/img/shop/electronics/brands/motorola-dark-mode.svg]
[cartzilla-html.createx.studio/assets/img/shop/electronics/brands/canon-light-mode.svg]
[cartzilla-html.createx.studio/assets/img/shop/electronics/brands/canon-dark-mode.svg]
[cartzilla-html.createx.studio/assets/img/shop/electronics/brands/samsung-light-mode.svg]
[cartzilla-html.createx.studio/assets/img/shop/electronics/brands/samsung-dark-mode.svg]
[cartzilla-html.createx.studio/assets/img/shop/electronics/brands/sony-light-mode.svg]
[cartzilla-html.createx.studio/assets/img/shop/electronics/brands/sony-dark-mode.svg]
[cartzilla-html.createx.studio/assets/img/payment-methods/visa-dark-mode.svg]
[cartzilla-html.createx.studio/assets/img/payment-methods/mastercard.svg]
[cartzilla-html.createx.studio/assets/img/payment-methods/paypal-dark-mode.svg]
[cartzilla-html.createx.studio/assets/img/payment-methods/google-pay-dark-mode.svg]
[cartzilla-html.createx.studio/assets/img/payment-methods/apple-pay-dark-mode.svg]
[cartzilla-html.createx.studio/assets/vendor/simplebar/simplebar.min.css]
[cartzilla-html.createx.studio/assets/img/payment-methods/visa-light-mode.svg]
[cartzilla-html.createx.studio/assets/img/payment-methods/paypal-light-mode.svg]
[cartzilla-html.createx.studio/assets/img/payment-methods/google-pay-light-mode.svg]
[cartzilla-html.createx.studio/assets/img/payment-methods/apple-pay-light-mode.svg]
[cartzilla-html.createx.studio/_assets/img/home/fashion/v2/hero/hotspot01.html]
[cartzilla-html.createx.studio/_shop-product-fashion.html]
[cartzilla-html.createx.studio/_assets/img/home/fashion/v2/hero/hotspot02.html]
[cartzilla-html.createx.studio/_assets/img/home/fashion/v2/hero/hotspot03.html]
[cartzilla-html.createx.studio/assets/img/home/fashion/v2/brands/zara-light.svg]
[cartzilla-html.createx.studio/assets/img/home/fashion/v2/brands/zara-dark.svg]
[cartzilla-html.createx.studio/assets/img/home/fashion/v2/brands/brooks-light.svg]
[cartzilla-html.createx.studio/assets/img/home/fashion/v2/brands/brooks-dark.svg]
[cartzilla-html.createx.studio/assets/img/home/fashion/v2/brands/fila-light.svg]
[cartzilla-html.createx.studio/assets/img/home/fashion/v2/brands/fila-dark.svg]
[cartzilla-html.createx.studio/assets/img/home/fashion/v2/brands/adidas-light.svg]
[cartzilla-html.createx.studio/assets/img/home/fashion/v2/brands/adidas-dark.svg]
[cartzilla-html.createx.studio/assets/img/home/fashion/v2/brands/hermes-light.svg]
[cartzilla-html.createx.studio/assets/img/home/fashion/v2/brands/hermes-dark.svg]
[cartzilla-html.createx.studio/assets/img/home/fashion/v2/brands/dior-light.svg]
[cartzilla-html.createx.studio/assets/img/home/fashion/v2/brands/dior-dark.svg]
[cartzilla-html.createx.studio/assets/img/home/fashion/v2/brands/newbalance-light.svg]
[cartzilla-html.createx.studio/assets/img/home/fashion/v2/brands/newbalance-dark.svg]
[cartzilla-html.createx.studio/assets/img/home/fashion/v2/brands/puma-light.svg]
[cartzilla-html.createx.studio/assets/img/home/fashion/v2/brands/puma-dark.svg]
[cartzilla-html.createx.studio/assets/img/home/fashion/v2/brands/hm-light.svg]
[cartzilla-html.createx.studio/assets/img/home/fashion/v2/brands/hm-dark.svg]
[cartzilla-html.createx.studio/assets/vendor/glightbox/glightbox.min.css]
[cartzilla-html.createx.studio/_assets/img/home/furniture/gallery/hotspot01.html]
[cartzilla-html.createx.studio/_shop-product-furniture.html]
[cartzilla-html.createx.studio/_assets/img/home/furniture/gallery/hotspot02.html]
[cartzilla-html.createx.studio/_assets/img/home/furniture/gallery/hotspot03.html]
[cartzilla-html.createx.studio/assets/vendor/choices.js/choices.min.css]
[cartzilla-html.createx.studio/-2.html]
[cartzilla-html.createx.studio/-3.html]
[cartzilla-html.createx.studio/assets/img/shop/electronics/brands/xiaomi-light-mode.svg]
[cartzilla-html.createx.studio/assets/img/shop/electronics/brands/xiaomi-dark-mode.svg]
[cartzilla-html.createx.studio/assets/vendor/nouislider/nouislider.min.css]
[cartzilla-html.createx.studio/assets/vendor/drift-zoom/drift-basic.min.css]
[cartzilla-html.createx.studio/assets/img/payment-methods/amex.svg]
[cartzilla-html.createx.studio/assets/img/payment-methods/maestro.svg]
[cartzilla-html.createx.studio/assets/img/payment-methods/paypal-icon.svg]
[cartzilla-html.createx.studio/assets/img/payment-methods/google-icon.svg]
[cartzilla-html.createx.studio/assets/vendor/flatpickr/flatpickr.min.css]
[cartzilla-html.createx.studio/-4.html]
[cartzilla-html.createx.studio/_assets/img/flags/en-us.png/_.html]
[cartzilla-html.createx.studio/_assets/img/flags/fr.png/_.html]
[cartzilla-html.createx.studio/_assets/img/flags/de.png/_.html]
[cartzilla-html.createx.studio/_assets/img/flags/it.png/_.html]
[cartzilla-html.createx.studio/-5.html]
[cartzilla-html.createx.studio/-6.html]
[cartzilla-html.createx.studio/-7.html]
[cartzilla-html.createx.studio/-8.html]
[cartzilla-html.createx.studio/docs/.html]
[cartzilla-html.createx.studio/docs/npm-scripts.html]
[cartzilla-html.createx.studio/docs/structure.html]
[cartzilla-html.createx.studio/docs/configuration.html]
[cdnjs.cloudflare.com/ajax/libs/highlight.js/11.9.0/highlight.min.js]
[cartzilla-html.createx.studio/assets/img/docs/cache.png]
[cartzilla-html.createx.studio/docs/pwa.html]
[cartzilla-html.createx.studio/docs/web-font.html]
[cartzilla-html.createx.studio/docs/icon-font.html]
[cartzilla-html.createx.studio/docs/performance.html]
[cartzilla-html.createx.studio/assets/img/docs/browserslistrc.png]
[cartzilla-html.createx.studio/docs/browser-support.html]
[cartzilla-html.createx.studio/docs/rtl.html]
[cartzilla-html.createx.studio/assets/img/docs/vercel.png]
[cartzilla-html.createx.studio/docs/deployment.html]
[cartzilla-html.createx.studio/docs/credits.html]
[cartzilla-html.createx.studio/docs/changelog.html]
[cartzilla-html.createx.studio/docs/options.html]
[cartzilla-html.createx.studio/docs/colors.html]
[cartzilla-html.createx.studio/assets/img/docs/local-storage.png]
[cartzilla-html.createx.studio/docs/color-modes.html]
[cartzilla-html.createx.studio/docs/css-variables.html]
[cartzilla-html.createx.studio/docs/icons.html]
[cartzilla-html.createx.studio/docs/code.html]
[cartzilla-html.createx.studio/docs/images.html]
[cartzilla-html.createx.studio/docs/tables.html]
[cartzilla-html.createx.studio/docs/accordion.html]
[cartzilla-html.createx.studio/docs/alerts.html]
[cartzilla-html.createx.studio/docs/badges.html]
[cartzilla-html.createx.studio/docs/blog-components.html]
[cartzilla-html.createx.studio/docs/breadcrumb.html]
[cartzilla-html.createx.studio/docs/buttons.html]
[cartzilla-html.createx.studio/docs/button-group.html]
[cartzilla-html.createx.studio/assets/img/docs/card/img.png]
[cartzilla-html.createx.studio/assets/img/docs/card/img-hover.jpg]
[cartzilla-html.createx.studio/docs/card.html]
[cartzilla-html.createx.studio/docs/carousel.html]
[cartzilla-html.createx.studio/docs/collapse.html]
[cartzilla-html.createx.studio/docs/countdown.html]
[cartzilla-html.createx.studio/docs/date-picker.html]
[cartzilla-html.createx.studio/docs/dropdowns.html]
[cartzilla-html.createx.studio/docs/forms.html]
[cartzilla-html.createx.studio/assets/vendor/flatpickr/rangePlugin.js]
[cartzilla-html.createx.studio/docs/_/assets/img/home/furniture/gallery/hotspot01.26d.delayed]
[cartzilla-html.createx.studio/docs/_.26e.delayed]
[cartzilla-html.createx.studio/docs/_/assets/img/home/furniture/gallery/hotspot02.26f.delayed]
[cartzilla-html.createx.studio/docs/_/assets/img/home/furniture/gallery/hotspot03.270.delayed]
[cartzilla-html.createx.studio/docs/hotspots.html]
[cartzilla-html.createx.studio/assets/img/docs/image-comparison-slider/before.jpg]
[cartzilla-html.createx.studio/assets/img/docs/image-comparison-slider/after.jpg]
[cartzilla-html.createx.studio/docs/image-comparison-slider.html]
[cartzilla-html.createx.studio/docs/image-zoom.html]
[cartzilla-html.createx.studio/docs/input-group.html]
[cartzilla-html.createx.studio/docs/input-formatter.html]
[cartzilla-html.createx.studio/docs/lightbox.html]
[cartzilla-html.createx.studio/docs/list-group.html]
[cartzilla-html.createx.studio/docs/modal.html]
[cartzilla-html.createx.studio/docs/nav-links.html]
[cartzilla-html.createx.studio/docs/navbar.html]
[cartzilla-html.createx.studio/docs/offcanvas.html]
[cartzilla-html.createx.studio/docs/pagination.html]
[cartzilla-html.createx.studio/docs/pills.html]
[cartzilla-html.createx.studio/docs/placeholders.html]
[cartzilla-html.createx.studio/docs/popovers.html]
[cartzilla-html.createx.studio/docs/product-cards.html]
[cartzilla-html.createx.studio/docs/progress.html]
[cartzilla-html.createx.studio/docs/reviews.html]
[cartzilla-html.createx.studio/docs/scrollbar.html]
[cartzilla-html.createx.studio/docs/scrollspy.html]
[cartzilla-html.createx.studio/docs/navbar-offcanvas.html]
[cartzilla-html.createx.studio/_/assets/img/flags/en-uk.png/_.274.delayed]
[cartzilla-html.createx.studio/_/assets/img/flags/fr.png/_.275.delayed]
[cartzilla-html.createx.studio/_/assets/img/flags/de.png/_.276.delayed]
[cartzilla-html.createx.studio/_/assets/img/flags/it.png/_.277.delayed]
[cartzilla-html.createx.studio/docs/select-box.html]
[cartzilla-html.createx.studio/docs/shop-categories.html]
[cartzilla-html.createx.studio/docs/shop-filters.html]
[cartzilla-html.createx.studio/docs/spinners.html]
[cartzilla-html.createx.studio/docs/tabs.html]
[cartzilla-html.createx.studio/docs/toasts.html]
[cartzilla-html.createx.studio/docs/tooltips.html]
[cartzilla-html.createx.studio/docs/utilities.html]
[cdnjs.cloudflare.com/ajax/libs/highlight.js/11.9.0/styles/atom-one-dark.min.css]
[cartzilla-html.createx.studio/docs/_/assets/img/home/furniture/gallery/hotspot01.html]
[cartzilla-html.createx.studio/docs/_.html]
[cartzilla-html.createx.studio/docs/_/assets/img/home/furniture/gallery/hotspot02.html]
[cartzilla-html.createx.studio/docs/_/assets/img/home/furniture/gallery/hotspot03.html]
[cartzilla-html.createx.studio/docs/navbar-offcanvas.html]
[cartzilla-html.createx.studio/_/assets/img/flags/en-uk.png/_.html]
[cartzilla-html.createx.studio/_/assets/img/flags/fr.png/_.html]
[cartzilla-html.createx.studio/_/assets/img/flags/de.png/_.html]
[cartzilla-html.createx.studio/_/assets/img/flags/it.png/_.html]
